[1m[92m    Updating[0m crates.io index
[1m[92m    Updating[0m git repository `https://github.com/saberra-ai/mlxcel`
[1m[92m    Updating[0m git repository `https://github.com/saberra-ai/mlx-rs`
[1m[92m    Updating[0m git submodule `https://github.com/ml-explore/mlx-c.git`
[1m[92m Downloading[0m crates ...
[1m[92m  Downloaded[0m assert-json-diff v2.0.2
[1m[92m  Downloaded[0m base64 v0.13.1
[1m[92m  Downloaded[0m as-slice v0.2.1
[1m[92m  Downloaded[0m atomic-waker v1.1.2
[1m[92m  Downloaded[0m built v0.8.1
[1m[92m  Downloaded[0m adler2 v2.0.1
[1m[92m  Downloaded[0m aligned v0.4.3
[1m[92m  Downloaded[0m bit-set v0.8.0
[1m[92m  Downloaded[0m borrow-or-share v0.2.4
[1m[92m  Downloaded[0m bit-vec v0.8.0
[1m[92m  Downloaded[0m bit_field v0.10.3
[1m[92m  Downloaded[0m bitflags v2.13.1
[1m[92m  Downloaded[0m bitstream-io v4.10.0
[1m[92m  Downloaded[0m block-buffer v0.12.1
[1m[92m  Downloaded[0m aho-corasick v1.1.5
[1m[92m  Downloaded[0m arc-swap v1.9.2
[1m[92m  Downloaded[0m autocfg v1.5.1
[1m[92m  Downloaded[0m arg_enum_proc_macro v0.3.4
[1m[92m  Downloaded[0m av1-grain v0.2.5
[1m[92m  Downloaded[0m avif-serialize v0.8.9
[1m[92m  Downloaded[0m ahash v0.8.12
[1m[92m  Downloaded[0m aligned-vec v0.6.4
[1m[92m  Downloaded[0m anyhow v1.0.104
[1m[92m  Downloaded[0m arrayvec v0.7.8
[1m[92m  Downloaded[0m async-trait v0.1.92
[1m[92m  Downloaded[0m castaway v0.2.4
[1m[92m  Downloaded[0m hex v0.4.3
[1m[92m  Downloaded[0m dashmap v6.2.1
[1m[92m  Downloaded[0m either v1.18.0
[1m[92m  Downloaded[0m equator v0.4.2
[1m[92m  Downloaded[0m futures-io v0.3.34
[1m[92m  Downloaded[0m futures-sink v0.3.34
[1m[92m  Downloaded[0m bumpalo v3.20.3
[1m[92m  Downloaded[0m dirs-sys v0.5.0
[1m[92m  Downloaded[0m dyn-clone v1.0.20
[1m[92m  Downloaded[0m byteorder-lite v0.1.0
[1m[92m  Downloaded[0m futures-macro v0.3.34
[1m[92m  Downloaded[0m cfg-if v1.0.4
[1m[92m  Downloaded[0m colored v3.1.1
[1m[92m  Downloaded[0m color_quant v1.1.0
[1m[92m  Downloaded[0m darling v0.20.11
[1m[92m  Downloaded[0m dary_heap v0.3.9
[1m[92m  Downloaded[0m digest v0.11.3
[1m[92m  Downloaded[0m displaydoc v0.2.7
[1m[92m  Downloaded[0m errno v0.3.14
[1m[92m  Downloaded[0m fax v0.2.7
[1m[92m  Downloaded[0m fluent-uri v0.3.2
[1m[92m  Downloaded[0m futures-channel v0.3.34
[1m[92m  Downloaded[0m half v2.7.1
[1m[92m  Downloaded[0m http-body-util v0.1.5
[1m[92m  Downloaded[0m bytemuck v1.25.2
[1m[92m  Downloaded[0m chacha20 v0.10.2
[1m[92m  Downloaded[0m const-oid v0.10.2
[1m[92m  Downloaded[0m crc32fast v1.5.1
[1m[92m  Downloaded[0m crossbeam-deque v0.8.7
[1m[92m  Downloaded[0m daachorse v1.0.1
[1m[92m  Downloaded[0m getrandom v0.4.3
[1m[92m  Downloaded[0m cc v1.4.4
[1m[92m  Downloaded[0m crossbeam-epoch v0.9.20
[1m[92m  Downloaded[0m flate2 v1.1.10
[1m[92m  Downloaded[0m futures v0.3.34
[1m[92m  Downloaded[0m futures-util v0.3.34
[1m[92m  Downloaded[0m hashbrown v0.14.5
[1m[92m  Downloaded[0m hashbrown v0.17.1
[1m[92m  Downloaded[0m http-body v1.1.0
[1m[92m  Downloaded[0m equivalent v1.0.2
[1m[92m  Downloaded[0m fastrand v2.5.0
[1m[92m  Downloaded[0m futures-task v0.3.34
[1m[92m  Downloaded[0m h2 v0.4.19
[1m[92m  Downloaded[0m av-scenechange v0.14.1
[1m[92m  Downloaded[0m bytemuck_derive v1.12.0
[1m[92m  Downloaded[0m chrono v0.4.45
[1m[92m  Downloaded[0m crossbeam-utils v0.8.22
[1m[92m  Downloaded[0m fnv v1.0.7
[1m[92m  Downloaded[0m http v1.5.0
[1m[92m  Downloaded[0m dirs v6.0.0
[1m[92m  Downloaded[0m byteorder v1.5.0
[1m[92m  Downloaded[0m find-msvc-tools v0.1.11
[1m[92m  Downloaded[0m heck v0.5.0
[1m[92m  Downloaded[0m bytes v1.12.1
[1m[92m  Downloaded[0m core-foundation-sys v0.8.7
[1m[92m  Downloaded[0m getrandom v0.3.4
[1m[92m  Downloaded[0m compact_str v0.9.1
[1m[92m  Downloaded[0m tokenizers v0.23.1
[1m[92m  Downloaded[0m wait-timeout v0.2.1
[1m[92m  Downloaded[0m parking_lot_core v0.9.12
[1m[92m  Downloaded[0m crypto-common v0.2.2
[1m[92m  Downloaded[0m darling_macro v0.20.11
[1m[92m  Downloaded[0m derive_builder v0.20.2
[1m[92m  Downloaded[0m derive_builder_macro v0.20.2
[1m[92m  Downloaded[0m esaxx-rs v0.1.10
[1m[92m  Downloaded[0m futures-core v0.3.34
[1m[92m  Downloaded[0m schemars v1.2.2
[1m[92m  Downloaded[0m simd_helpers v0.1.0
[1m[92m  Downloaded[0m slab v0.4.12
[1m[92m  Downloaded[0m tokio-util v0.7.19
[1m[92m  Downloaded[0m zerovec v0.11.8
[1m[92m  Downloaded[0m zune-inflate v0.2.54
[1m[92m  Downloaded[0m httpdate v1.0.3
[1m[92m  Downloaded[0m icu_properties_data v2.3.0
[1m[92m  Downloaded[0m idna_adapter v1.2.2
[1m[92m  Downloaded[0m new_debug_unreachable v1.0.6
[1m[92m  Downloaded[0m nom v7.1.3
[1m[92m  Downloaded[0m proc-macro2 v1.0.107
[1m[92m  Downloaded[0m serde v1.0.229
[1m[92m  Downloaded[0m sha1_smol v1.0.1
[1m[92m  Downloaded[0m sha2 v0.11.0
[1m[92m  Downloaded[0m signal-hook-registry v1.4.8
[1m[92m  Downloaded[0m weezl v0.1.12
[1m[92m  Downloaded[0m loop9 v0.1.5
[1m[92m  Downloaded[0m macro_rules_attribute v0.2.3
[1m[92m  Downloaded[0m macro_rules_attribute-proc_macro v0.2.3
[1m[92m  Downloaded[0m unarray v0.1.4
[1m[92m  Downloaded[0m darling_core v0.20.11
[1m[92m  Downloaded[0m derive_builder_core v0.20.2
[1m[92m  Downloaded[0m derivre v0.3.12
[1m[92m  Downloaded[0m encoding_rs v0.8.35
[1m[92m  Downloaded[0m equator-macro v0.4.2
[1m[92m  Downloaded[0m futures-executor v0.3.34
[1m[92m  Downloaded[0m gif v0.14.2
[1m[92m  Downloaded[0m ryu v1.0.23
[1m[92m  Downloaded[0m tinystr v0.8.4
[1m[92m  Downloaded[0m wasm-bindgen v0.2.127
[1m[92m  Downloaded[0m icu_provider v2.3.1
[1m[92m  Downloaded[0m idna v1.1.0
[1m[92m  Downloaded[0m mockito v1.7.2
[1m[92m  Downloaded[0m nom v8.0.0
[1m[92m  Downloaded[0m yoke v0.8.3
[1m[92m  Downloaded[0m lock_api v0.4.14
[1m[92m  Downloaded[0m ppv-lite86 v0.2.21
[1m[92m  Downloaded[0m rustix v1.1.4
[1m[92m  Downloaded[0m indexmap v2.14.1
[1m[92m  Downloaded[0m exr v1.74.2
[1m[92m  Downloaded[0m fdeflate v0.3.7
[1m[92m  Downloaded[0m form_urlencoded v1.2.2
[1m[92m  Downloaded[0m ref-cast v1.0.27
[1m[92m  Downloaded[0m schemars_derive v1.2.2
[1m[92m  Downloaded[0m similar v2.7.0
[1m[92m  Downloaded[0m ident_case v1.0.1
[1m[92m  Downloaded[0m noop_proc_macro v0.3.0
[1m[92m  Downloaded[0m shlex v2.0.1
[1m[92m  Downloaded[0m wasm-bindgen-macro v0.2.127
[1m[92m  Downloaded[0m wasm-bindgen-shared v0.2.127
[1m[92m  Downloaded[0m num-derive v0.4.2
[1m[92m  Downloaded[0m zune-jpeg v0.5.15
[1m[92m  Downloaded[0m rand_core v0.10.1
[1m[92m  Downloaded[0m serde_urlencoded v0.7.1
[1m[92m  Downloaded[0m writeable v0.6.4
[1m[92m  Downloaded[0m log v0.4.34
[1m[92m  Downloaded[0m rgb v0.8.53
[1m[92m  Downloaded[0m scopeguard v1.2.0
[1m[92m  Downloaded[0m icu_collections v2.3.0
[1m[92m  Downloaded[0m jobserver v0.1.35
[1m[92m  Downloaded[0m potential_utf v0.1.6
[1m[92m  Downloaded[0m version_check v0.9.5
[1m[92m  Downloaded[0m cpufeatures v0.3.1
[1m[92m  Downloaded[0m simd-adler32 v0.3.10
[1m[92m  Downloaded[0m referencing v0.29.1
[1m[92m  Downloaded[0m serde_derive v1.0.229
[1m[92m  Downloaded[0m wasm-bindgen-macro-support v0.2.127
[1m[92m  Downloaded[0m zlib-rs v0.6.7
[1m[92m  Downloaded[0m rand_core v0.9.5
[1m[92m  Downloaded[0m strum_macros v0.28.0
[1m[92m  Downloaded[0m thiserror v2.0.20
[1m[92m  Downloaded[0m hyper-util v0.1.20
[1m[92m  Downloaded[0m image-webp v0.2.4
[1m[92m  Downloaded[0m tokio-macros v2.7.2
[1m[92m  Downloaded[0m maybe-rayon v0.1.1
[1m[92m  Downloaded[0m quick-error v2.0.1
[1m[92m  Downloaded[0m regex-automata v0.4.18
[1m[92m  Downloaded[0m qoi v0.4.1
[1m[92m  Downloaded[0m tokio v1.53.1
[1m[92m  Downloaded[0m utf8_iter v1.0.4
[1m[92m  Downloaded[0m yoke-derive v0.8.2
[1m[92m  Downloaded[0m iana-time-zone v0.1.65
[1m[92m  Downloaded[0m matrixmultiply v0.3.11
[1m[92m  Downloaded[0m profiling v1.0.18
[1m[92m  Downloaded[0m rustversion v1.0.23
[1m[92m  Downloaded[0m serde_derive_internals v0.30.0
[1m[92m  Downloaded[0m y4m v0.8.0
[1m[92m  Downloaded[0m ort-sys v2.0.0-rc.12
[1m[92m  Downloaded[0m zmij v1.0.23
[1m[92m  Downloaded[0m regex-syntax v0.8.11
[1m[92m  Downloaded[0m no_std_io2 v0.9.4
[1m[92m  Downloaded[0m quick-error v1.2.3
[1m[92m  Downloaded[0m icu_locale_core v2.3.0
[1m[92m  Downloaded[0m rayon v1.12.0
[1m[92m  Downloaded[0m icu_normalizer_data v2.3.0
[1m[92m  Downloaded[0m serde_json v1.0.151
[1m[92m  Downloaded[0m regex v1.12.4
[1m[92m  Downloaded[0m icu_properties v2.3.0
[1m[92m  Downloaded[0m serde_core v1.0.229
[1m[92m  Downloaded[0m miniz_oxide v0.8.9
[1m[92m  Downloaded[0m percent-encoding v2.3.2
[1m[92m  Downloaded[0m rusty-fork v0.3.1
[1m[92m  Downloaded[0m pastey v0.1.1
[1m[92m  Downloaded[0m rawpointer v0.2.1
[1m[92m  Downloaded[0m image v0.25.10
[1m[92m  Downloaded[0m pulp-wasm-simd-flag v0.1.1
[1m[92m  Downloaded[0m zerovec-derive v0.11.6
[1m[92m  Downloaded[0m imgref v1.12.3
[1m[92m  Downloaded[0m pxfm v0.1.30
[1m[92m  Downloaded[0m icu_normalizer v2.3.0
[1m[92m  Downloaded[0m rand v0.9.5
[1m[92m  Downloaded[0m rand_xorshift v0.4.0
[1m[92m  Downloaded[0m static_assertions v1.1.0
[1m[92m  Downloaded[0m httparse v1.10.1
[1m[92m  Downloaded[0m llguidance v1.8.0
[1m[92m  Downloaded[0m option-ext v0.2.0
[1m[92m  Downloaded[0m ref-cast-impl v1.0.27
[1m[92m  Downloaded[0m monostate v0.1.18
[1m[92m  Downloaded[0m reborrow v0.5.5
[1m[92m  Downloaded[0m url v2.5.8
[1m[92m  Downloaded[0m itoa v1.0.18
[1m[92m  Downloaded[0m pastey v0.2.3
[1m[92m  Downloaded[0m rand_chacha v0.9.0
[1m[92m  Downloaded[0m rayon-cond v0.4.0
[1m[92m  Downloaded[0m stable_deref_trait v1.2.1
[1m[92m  Downloaded[0m strsim v0.11.1
[1m[92m  Downloaded[0m num-rational v0.4.2
[1m[92m  Downloaded[0m parking_lot v0.12.5
[1m[92m  Downloaded[0m paste v1.0.15
[1m[92m  Downloaded[0m toktrie v1.8.0
[1m[92m  Downloaded[0m tracing-attributes v0.1.31
[1m[92m  Downloaded[0m unicode-ident v1.0.24
[1m[92m  Downloaded[0m uuid v1.26.0
[1m[92m  Downloaded[0m zune-core v0.5.3
[1m[92m  Downloaded[0m hybrid-array v0.4.14
[1m[92m  Downloaded[0m lebe v0.5.3
[1m[92m  Downloaded[0m num-complex v0.4.6
[1m[92m  Downloaded[0m num-traits v0.2.19
[1m[92m  Downloaded[0m onig v6.5.3
[1m[92m  Downloaded[0m pkg-config v0.3.34
[1m[92m  Downloaded[0m quote v1.0.47
[1m[92m  Downloaded[0m self_cell v1.3.0
[1m[92m  Downloaded[0m smallvec v1.15.2
[1m[92m  Downloaded[0m socket2 v0.6.5
[1m[92m  Downloaded[0m libloading v0.9.0
[1m[92m  Downloaded[0m ndarray v0.17.2
[1m[92m  Downloaded[0m unicode-normalization-alignments v0.1.12
[1m[92m  Downloaded[0m unicode-segmentation v1.13.3
[1m[92m  Downloaded[0m unicode_categories v0.1.1
[1m[92m  Downloaded[0m hyper v1.11.1
[1m[92m  Downloaded[0m memchr v2.8.3
[1m[92m  Downloaded[0m memo-map v0.3.3
[1m[92m  Downloaded[0m minimal-lexical v0.2.1
[1m[92m  Downloaded[0m rayon-core v1.13.0
[1m[92m  Downloaded[0m pin-project-lite v0.2.17
[1m[92m  Downloaded[0m rand v0.10.2
[1m[92m  Downloaded[0m tiff v0.11.3
[1m[92m  Downloaded[0m typenum v1.20.1
[1m[92m  Downloaded[0m zerocopy-derive v0.8.56
[1m[92m  Downloaded[0m zerotrie v0.2.5
[1m[92m  Downloaded[0m minijinja v2.24.0
[1m[92m  Downloaded[0m mio v1.2.2
[1m[92m  Downloaded[0m pulp v0.22.3
[1m[92m  Downloaded[0m png v0.18.1
[1m[92m  Downloaded[0m num-bigint v0.4.8
[1m[92m  Downloaded[0m ort v2.0.0-rc.12
[1m[92m  Downloaded[0m itertools v0.14.0
[1m[92m  Downloaded[0m libm v0.2.16
[1m[92m  Downloaded[0m proptest v1.11.0
[1m[92m  Downloaded[0m sysinfo v0.37.2
[1m[92m  Downloaded[0m thiserror-impl v2.0.20
[1m[92m  Downloaded[0m synstructure v0.13.2
[1m[92m  Downloaded[0m moxcms v0.8.1
[1m[92m  Downloaded[0m objc2-io-kit v0.3.2
[1m[92m  Downloaded[0m ravif v0.13.0
[1m[92m  Downloaded[0m syn v2.0.119
[1m[92m  Downloaded[0m syn v3.0.4
[1m[92m  Downloaded[0m zerocopy v0.8.56
[1m[92m  Downloaded[0m spm_precompiled v0.1.4
[1m[92m  Downloaded[0m tracing v0.1.44
[1m[92m  Downloaded[0m tracing-core v0.1.36
[1m[92m  Downloaded[0m libc v0.2.189
[1m[92m  Downloaded[0m num-integer v0.1.47
[1m[92m  Downloaded[0m zerofrom-derive v0.1.7
[1m[92m  Downloaded[0m litemap v0.8.3
[1m[92m  Downloaded[0m minijinja-contrib v2.24.0
[1m[92m  Downloaded[0m once_cell v1.21.4
[1m[92m  Downloaded[0m onig_sys v69.9.3
[1m[92m  Downloaded[0m tempfile v3.27.0
[1m[92m  Downloaded[0m profiling-procmacros v1.0.18
[1m[92m  Downloaded[0m strum v0.28.0
[1m[92m  Downloaded[0m v_frame v0.3.9
[1m[92m  Downloaded[0m monostate-impl v0.1.18
[1m[92m  Downloaded[0m miniz_oxide v0.9.1
[1m[92m  Downloaded[0m zerofrom v0.1.8
[1m[92m  Downloaded[0m objc2-core-foundation v0.3.2
[1m[92m  Downloaded[0m rav1e v0.8.1
[1m[92m   Compiling[0m proc-macro2 v1.0.107
[1m[92m   Compiling[0m quote v1.0.47
[1m[92m   Compiling[0m unicode-ident v1.0.24
[1m[92m   Compiling[0m cfg-if v1.0.4
[1m[92m   Compiling[0m libc v0.2.189
[1m[92m   Compiling[0m memchr v2.8.3
[1m[92m   Compiling[0m autocfg v1.5.1
[1m[92m   Compiling[0m serde_core v1.0.229
[1m[92m   Compiling[0m syn v2.0.119
[1m[92m   Compiling[0m syn v3.0.4
[1m[92m   Compiling[0m libm v0.2.16
[1m[92m   Compiling[0m num-traits v0.2.19
[1m[92m   Compiling[0m smallvec v1.15.2
[1m[92m   Compiling[0m stable_deref_trait v1.2.1
[1m[92m   Compiling[0m serde v1.0.229
[1m[92m   Compiling[0m serde_derive v1.0.229
[1m[92m   Compiling[0m itoa v1.0.18
[1m[92m   Compiling[0m synstructure v0.13.2
[1m[92m   Compiling[0m once_cell v1.21.4
[1m[92m   Compiling[0m zerocopy v0.8.56
[1m[92m   Compiling[0m crossbeam-utils v0.8.22
[1m[92m   Compiling[0m zerocopy-derive v0.8.56
[1m[92m   Compiling[0m hashbrown v0.17.1
[1m[92m   Compiling[0m zerofrom-derive v0.1.7
[1m[92m   Compiling[0m equivalent v1.0.2
[1m[92m   Compiling[0m crossbeam-epoch v0.9.20
[1m[92m   Compiling[0m zerofrom v0.1.8
[1m[92m   Compiling[0m indexmap v2.14.1
[1m[92m   Compiling[0m yoke-derive v0.8.2
[1m[92m   Compiling[0m crossbeam-deque v0.8.7
[1m[92m   Compiling[0m getrandom v0.3.4
[1m[92m   Compiling[0m yoke v0.8.3
[1m[92m   Compiling[0m rayon-core v1.13.0
[1m[92m   Compiling[0m zmij v1.0.23
[1m[92m   Compiling[0m version_check v0.9.5
[1m[92m   Compiling[0m parking_lot_core v0.9.12
[1m[92m   Compiling[0m zerovec-derive v0.11.6
[1m[92m   Compiling[0m errno v0.3.14
[1m[92m   Compiling[0m bitflags v2.13.1
[1m[92m   Compiling[0m pin-project-lite v0.2.17
[1m[92m   Compiling[0m scopeguard v1.2.0
[1m[92m   Compiling[0m serde_json v1.0.151
[1m[92m   Compiling[0m lock_api v0.4.14
[1m[92m   Compiling[0m zerovec v0.11.8
[1m[92m   Compiling[0m displaydoc v0.2.7
[1m[92m   Compiling[0m either v1.18.0
[1m[92m   Compiling[0m anyhow v1.0.104
[1m[92m   Compiling[0m bytemuck v1.25.2
[1m[92m   Compiling[0m futures-core v0.3.34
[1m[92m   Compiling[0m num-integer v0.1.47
[1m[92m   Compiling[0m futures-sink v0.3.34
[1m[92m   Compiling[0m bytes v1.12.1
[1m[92m   Compiling[0m simd-adler32 v0.3.10
[1m[92m   Compiling[0m rayon v1.12.0
[1m[92m   Compiling[0m parking_lot v0.12.5
[1m[92m   Compiling[0m equator-macro v0.4.2
[1m[92m   Compiling[0m paste v1.0.15
[1m[92m   Compiling[0m equator v0.4.2
[1m[92m   Compiling[0m tinystr v0.8.4
[1m[92m   Compiling[0m slab v0.4.12
[1m[92m   Compiling[0m regex-syntax v0.8.11
[1m[92m   Compiling[0m adler2 v2.0.1
[1m[92m   Compiling[0m strsim v0.11.1
[1m[92m   Compiling[0m fnv v1.0.7
[1m[92m   Compiling[0m litemap v0.8.3
[1m[92m   Compiling[0m rand_core v0.10.1
[1m[92m   Compiling[0m thiserror v2.0.20
[1m[92m   Compiling[0m getrandom v0.4.3
[1m[92m   Compiling[0m ident_case v1.0.1
[1m[92m   Compiling[0m writeable v0.6.4
[1m[92m   Compiling[0m log v0.4.34
[1m[92m   Compiling[0m icu_locale_core v2.3.0
[1m[92m   Compiling[0m darling_core v0.20.11
[1m[92m   Compiling[0m aligned-vec v0.6.4
[1m[92m   Compiling[0m num-bigint v0.4.8
[1m[92m   Compiling[0m futures-channel v0.3.34
[1m[92m   Compiling[0m zerotrie v0.2.5
[1m[92m   Compiling[0m potential_utf v0.1.6
[1m[92m   Compiling[0m signal-hook-registry v1.4.8
[1m[92m   Compiling[0m rand_core v0.9.5
[1m[92m   Compiling[0m ahash v0.8.12
[1m[92m   Compiling[0m tokio-macros v2.7.2
[1m[92m   Compiling[0m thiserror-impl v2.0.20
[1m[92m   Compiling[0m mio v1.2.2
[1m[92m   Compiling[0m socket2 v0.6.5
[1m[92m   Compiling[0m crc32fast v1.5.1
[1m[92m   Compiling[0m icu_properties_data v2.3.0
[1m[92m   Compiling[0m shlex v2.0.1
[1m[92m   Compiling[0m rustversion v1.0.23
[1m[92m   Compiling[0m ref-cast v1.0.27
[1m[92m   Compiling[0m percent-encoding v2.3.2
[1m[92m   Compiling[0m find-msvc-tools v0.1.11
[1m[92m   Compiling[0m utf8_iter v1.0.4
[1m[92m   Compiling[0m arrayvec v0.7.8
[1m[92m   Compiling[0m icu_normalizer_data v2.3.0
[1m[92m   Compiling[0m cc v1.4.4
[1m[92m   Compiling[0m icu_collections v2.3.0
[1m[92m   Compiling[0m tokio v1.53.1
[1m[92m   Compiling[0m num-rational v0.4.2
[1m[92m   Compiling[0m icu_provider v2.3.1
[1m[92m   Compiling[0m v_frame v0.3.9
[1m[92m   Compiling[0m darling_macro v0.20.11
[1m[92m   Compiling[0m http v1.5.0
[1m[92m   Compiling[0m num-complex v0.4.6
[1m[92m   Compiling[0m itertools v0.14.0
[1m[92m   Compiling[0m ppv-lite86 v0.2.21
[1m[92m   Compiling[0m tracing-core v0.1.36
[1m[92m   Compiling[0m as-slice v0.2.1
[1m[92m   Compiling[0m tracing-attributes v0.1.31
[1m[92m   Compiling[0m ref-cast-impl v1.0.27
[1m[92m   Compiling[0m rustix v1.1.4
[1m[92m   Compiling[0m pkg-config v0.3.34
[1m[92m   Compiling[0m av-scenechange v0.14.1
[1m[92m   Compiling[0m typenum v1.20.1
[1m[92m   Compiling[0m built v0.8.1
[1m[92m   Compiling[0m rav1e v0.8.1
[1m[92m   Compiling[0m onig_sys v69.9.3
[1m[92m   Compiling[0m hybrid-array v0.4.14
[1m[92m   Compiling[0m tracing v0.1.44
[1m[92m   Compiling[0m aligned v0.4.3
[1m[92m   Compiling[0m rand_chacha v0.9.0
[1m[92m   Compiling[0m darling v0.20.11
[1m[92m   Compiling[0m miniz_oxide v0.9.1
[1m[92m   Compiling[0m pulp v0.22.3
[1m[92m   Compiling[0m profiling-procmacros v1.0.18
[1m[92m   Compiling[0m arg_enum_proc_macro v0.3.4
[1m[92m   Compiling[0m matrixmultiply v0.3.11
[1m[92m   Compiling[0m nom v8.0.0
[1m[92m   Compiling[0m aho-corasick v1.1.5
[1m[92m   Compiling[0m no_std_io2 v0.9.4
[1m[92m   Compiling[0m quick-error v2.0.1
[1m[92m   Compiling[0m pastey v0.1.1
[1m[92m   Compiling[0m heck v0.5.0
[1m[92m   Compiling[0m ryu v1.0.23
[1m[92m   Compiling[0m y4m v0.8.0
[1m[92m   Compiling[0m httparse v1.10.1
[1m[92m   Compiling[0m strum_macros v0.28.0
[1m[92m   Compiling[0m bitstream-io v4.10.0
[1m[92m   Compiling[0m av1-grain v0.2.5
[1m[92m   Compiling[0m regex-automata v0.4.18
[1m[92m   Compiling[0m profiling v1.0.18
[1m[92m   Compiling[0m flate2 v1.1.10
[1m[92m   Compiling[0m icu_normalizer v2.3.0
[1m[92m   Compiling[0m icu_properties v2.3.0
[1m[92m   Compiling[0m rand v0.9.5
[1m[92m   Compiling[0m derive_builder_core v0.20.2
[1m[92m   Compiling[0m tokio-util v0.7.19
[1m[92m   Compiling[0m http-body v1.1.0
[1m[92m   Compiling[0m form_urlencoded v1.2.2
[1m[92m   Compiling[0m miniz_oxide v0.8.9
[1m[92m   Compiling[0m maybe-rayon v0.1.1
[1m[92m   Compiling[0m half v2.7.1
[1m[92m   Compiling[0m num-derive v0.4.2
[1m[92m   Compiling[0m bytemuck_derive v1.12.0
[1m[92m   Compiling[0m futures-macro v0.3.34
[1m[92m   Compiling[0m simd_helpers v0.1.0
[1m[92m   Compiling[0m borrow-or-share v0.2.4
[1m[92m   Compiling[0m reborrow v0.5.5
[1m[92m   Compiling[0m minimal-lexical v0.2.1
[1m[92m   Compiling[0m atomic-waker v1.1.2
[1m[92m   Compiling[0m noop_proc_macro v0.3.0
[1m[92m   Compiling[0m pulp-wasm-simd-flag v0.1.1
[1m[92m   Compiling[0m ort-sys v2.0.0-rc.12
[1m[92m   Compiling[0m rawpointer v0.2.1
[1m[92m   Compiling[0m imgref v1.12.3
[1m[92m   Compiling[0m futures-io v0.3.34
[1m[92m   Compiling[0m futures-task v0.3.34
[1m[92m   Compiling[0m fastrand v2.5.0
[1m[92m   Compiling[0m weezl v0.1.12
[1m[92m   Compiling[0m new_debug_unreachable v1.0.6
[1m[92m   Compiling[0m esaxx-rs v0.1.10
[1m[92m   Compiling[0m zune-core v0.5.3
[1m[92m   Compiling[0m zune-jpeg v0.5.15
[1m[92m   Compiling[0m tempfile v3.27.0
[1m[92m   Compiling[0m futures-util v0.3.34
[1m[92m   Compiling[0m loop9 v0.1.5
[1m[92m   Compiling[0m h2 v0.4.19
[1m[92m   Compiling[0m nom v7.1.3
[1m[92m   Compiling[0m fluent-uri v0.3.2
[1m[92m   Compiling[0m derive_builder_macro v0.20.2
[1m[92m   Compiling[0m idna_adapter v1.2.2
[1m[92m   Compiling[0m regex v1.12.4
[1m[92m   Compiling[0m strum v0.28.0
[1m[92m   Compiling[0m castaway v0.2.4
[1m[92m   Compiling[0m crypto-common v0.2.2
[1m[92m   Compiling[0m block-buffer v0.12.1
[1m[92m   Compiling[0m avif-serialize v0.8.9
[1m[92m   Compiling[0m fdeflate v0.3.7
[1m[92m   Compiling[0m zune-inflate v0.2.54
[1m[92m   Compiling[0m objc2-core-foundation v0.3.2
[1m[92m   Compiling[0m monostate-impl v0.1.18
[1m[92m   Compiling[0m serde_derive_internals v0.30.0
[1m[92m   Compiling[0m byteorder-lite v0.1.0
[1m[92m   Compiling[0m memo-map v0.3.3
[1m[92m   Compiling[0m httpdate v1.0.3
[1m[92m   Compiling[0m fax v0.2.7
[1m[92m   Compiling[0m pastey v0.2.3
[1m[92m   Compiling[0m core-foundation-sys v0.8.7
[1m[92m   Compiling[0m base64 v0.13.1
[1m[92m   Compiling[0m lebe v0.5.3
[1m[92m   Compiling[0m static_assertions v1.1.0
[1m[92m   Compiling[0m llguidance v1.8.0
[1m[92m   Compiling[0m option-ext v0.2.0
[1m[92m   Compiling[0m const-oid v0.10.2
[1m[92m   Compiling[0m unicode-segmentation v1.13.3
[1m[92m   Compiling[0m bit_field v0.10.3
[1m[92m   Compiling[0m rgb v0.8.53
[1m[92m   Compiling[0m macro_rules_attribute-proc_macro v0.2.3
[1m[92m   Compiling[0m pxfm v0.1.30
[1m[92m   Compiling[0m color_quant v1.1.0
[1m[92m   Compiling[0m gif v0.14.2
[1m[92m   Compiling[0m macro_rules_attribute v0.2.3
[1m[92m   Compiling[0m ravif v0.13.0
[1m[92m   Compiling[0m spm_precompiled v0.1.4
[1m[92m   Compiling[0m moxcms v0.8.1
[1m[92m   Compiling[0m exr v1.74.2
[1m[92m   Compiling[0m digest v0.11.3
[1m[92m   Compiling[0m dirs-sys v0.5.0
[1m[92m   Compiling[0m compact_str v0.9.1
[1m[92m   Compiling[0m iana-time-zone v0.1.65
[1m[92m   Compiling[0m schemars_derive v1.2.2
[1m[92m   Compiling[0m tiff v0.11.3
[1m[92m   Compiling[0m hyper v1.11.1
[1m[92m   Compiling[0m image-webp v0.2.4
[1m[92m   Compiling[0m minijinja v2.24.0
[1m[92m   Compiling[0m monostate v0.1.18
[1m[92m   Compiling[0m objc2-io-kit v0.3.2
[1m[92m   Compiling[0m png v0.18.1
[1m[92m   Compiling[0m derivre v0.3.12
[1m[92m   Compiling[0m idna v1.1.0
[1m[92m   Compiling[0m derive_builder v0.20.2
[1m[92m   Compiling[0m referencing v0.29.1
[1m[92m   Compiling[0m futures-executor v0.3.34
[1m[92m   Compiling[0m ndarray v0.17.2
[1m[92m   Compiling[0m onig v6.5.3
[1m[92m   Compiling[0m toktrie v1.8.0
[1m[92m   Compiling[0m rayon-cond v0.4.0
[1m[92m   Compiling[0m chacha20 v0.10.2
[1m[92m   Compiling[0m qoi v0.4.1
[1m[92m   Compiling[0m dary_heap v0.3.9
[1m[92m   Compiling[0m unicode-normalization-alignments v0.1.12
[1m[92m   Compiling[0m wait-timeout v0.2.1
[1m[92m   Compiling[0m cpufeatures v0.3.1
[1m[92m   Compiling[0m libloading v0.9.0
[1m[92m   Compiling[0m hashbrown v0.14.5
[1m[92m   Compiling[0m sha1_smol v1.0.1
[1m[92m   Compiling[0m dyn-clone v1.0.20
[1m[92m   Compiling[0m bit-vec v0.8.0
[1m[92m   Compiling[0m unicode_categories v0.1.1
[1m[92m   Compiling[0m quick-error v1.2.3
[1m[92m   Compiling[0m daachorse v1.0.1
[1m[92m   Compiling[0m rusty-fork v0.3.1
[1m[92m   Compiling[0m tokenizers v0.23.1
[1m[92m   Compiling[0m dashmap v6.2.1
[1m[92m   Compiling[0m bit-set v0.8.0
[1m[92m   Compiling[0m schemars v1.2.2
[1m[92m   Compiling[0m uuid v1.26.0
[1m[92m   Compiling[0m ort v2.0.0-rc.12
[1m[92m   Compiling[0m sha2 v0.11.0
[1m[92m   Compiling[0m image v0.25.10
[1m[92m   Compiling[0m rand v0.10.2
[1m[92m   Compiling[0m futures v0.3.34
[1m[92m   Compiling[0m url v2.5.8
[1m[92m   Compiling[0m minijinja-contrib v2.24.0
[1m[92m   Compiling[0m sysinfo v0.37.2
[1m[92m   Compiling[0m hyper-util v0.1.20
[1m[92m   Compiling[0m chrono v0.4.45
[1m[92m   Compiling[0m dirs v6.0.0
[1m[92m   Compiling[0m serde_urlencoded v0.7.1
[1m[92m   Compiling[0m http-body-util v0.1.5
[1m[92m   Compiling[0m arc-swap v1.9.2
[1m[92m   Compiling[0m rand_xorshift v0.4.0
[1m[92m   Compiling[0m assert-json-diff v2.0.2
[1m[92m   Compiling[0m async-trait v0.1.92
[1m[92m   Compiling[0m encoding_rs v0.8.35
[1m[92m   Compiling[0m self_cell v1.3.0
[1m[92m   Compiling[0m unarray v0.1.4
[1m[92m   Compiling[0m similar v2.7.0
[1m[92m   Compiling[0m colored v3.1.1
[1m[92m   Compiling[0m hex v0.4.3
[1m[92m   Compiling[0m byteorder v1.5.0
[1m[92m   Compiling[0m gen2 v0.1.0 (/Users/runner/work/gen2/gen2)
[1m[92m   Compiling[0m mockito v1.7.2
[1m[92m   Compiling[0m proptest v1.11.0
[1m[92m    Finished[0m `release` profile [optimized] target(s) in 4m 08s
[1m[92m     Running[0m tests/laya_native.rs (target/release/deps/laya_native-c00f3cc679c1ae88)

running 1 test
maximum probability difference: 0.00000007507275145979264
test native_matches_independent_python_reference ... ok

test result: ok. 1 passed; 0 failed; 0 ignored; 0 measured; 2 filtered out; finished in 11.14s

